INFO:root:Fetching all download keys...
INFO:root:Downloading page 1 (found 0 keys total)
INFO:root:Downloading page 2 (found 50 keys total)
INFO:root:Downloading page 3 (found 100 keys total)
INFO:root:Downloading page 4 (found 150 keys total)
INFO:root:Downloading page 5 (found 200 keys total)
INFO:root:Downloading page 6 (found 250 keys total)
INFO:root:Downloading page 7 (found 300 keys total)
INFO:root:Downloading page 8 (found 350 keys total)
INFO:root:Downloading page 9 (found 400 keys total)
INFO:root:Downloading page 10 (found 450 keys total)
INFO:root:Downloading page 11 (found 500 keys total)
INFO:root:Downloading page 12 (found 550 keys total)
INFO:root:Downloading page 13 (found 600 keys total)
INFO:root:Downloading page 14 (found 650 keys total)
INFO:root:Downloading page 15 (found 700 keys total)
INFO:root:Downloading page 16 (found 750 keys total)
INFO:root:Fetched 797 download keys.
INFO:root:Found 798 URL(s) total.
INFO:root:Will process 797 URL(s) after filtering and deduplication.
